%!Adobe-FontList 1.15
%Locale:0x409

%BeginFont
Handler:DirectoryHandler
FontType:Type1
FontName:EamesCenturyModern-Book
FamilyName:Eames Century Modern
StyleName:Book
MenuName:Eames Century Modern Book
StyleBits:0
WeightClass:450
WidthClass:5
AngleClass:0
FullName:Eames Century Modern Book
WritingScript:Roman
OutlineFileName:\EamesCenturyModern Book 3.otf
DataFormat:sfntData
UsesStandardEncoding:yes
isCFF:yes
FileLength:159316
FileModTime:1323126714
NameArray:0,Mac,4,Eames Century Modern Book
NameArray:0,Win,1,Eames Century Modern Book
NameArray:0,Win,16,Eames Century Modern
%EndFont

%BeginFont
Handler:DirectoryHandler
FontType:Type1
FontName:EamesCenturyModern-Regular
FamilyName:Eames Century Modern
StyleName:Regular
MenuName:Eames Century Modern Regular
StyleBits:0
WeightClass:400
WidthClass:5
AngleClass:0
FullName:Eames Century Modern
WritingScript:Roman
OutlineFileName:\EamesCenturyModern Regular.otf
DataFormat:sfntData
UsesStandardEncoding:yes
isCFF:yes
FileLength:165184
FileModTime:1323126714
NameArray:0,Mac,18,Eames Century Modern Regular
NameArray:0,Mac,4,Eames Century Modern
NameArray:0,Win,1,Eames Century Modern Regular
NameArray:0,Win,16,Eames Century Modern
%EndFont

%BeginFont
Handler:DirectoryHandler
FontType:Type1
FontName:GothamRounded-Medium
FamilyName:Gotham Rounded
StyleName:Medium
MenuName:Gotham Rounded Medium
StyleBits:0
WeightClass:350
WidthClass:5
AngleClass:0
FullName:Gotham Rounded Medium
WritingScript:Roman
OutlineFileName:\GothamRnd-Medium.otf
DataFormat:sfntData
UsesStandardEncoding:yes
isCFF:yes
FileLength:133436
FileModTime:1208581794
NameArray:0,Mac,4,Gotham Rounded Medium
NameArray:0,Win,1,Gotham Rounded Medium
NameArray:0,Win,16,Gotham Rounded
%EndFont

%BeginFont
Handler:DirectoryHandler
FontType:Type1
FontName:Interstate-Bold
FamilyName:Interstate
StyleName:Bold
MenuName:Interstate-Bold
StyleBits:2
WeightClass:700
WidthClass:5
AngleClass:0
FullName:Interstate-Bold
WritingScript:Roman
OutlineFileName:\InterBol
DataFormat:POSTResource
UsesStandardEncoding:no
isCFF:no
FileLength:34866
FileModTime:752964332
DesignSize:-1
%EndFont

%BeginFont
Handler:DirectoryHandler
FontType:Suitcase
FontName:Interstate-Bold
OutlineFileName:\Interstate-Bold.bmap
ResourceID:12458
MacStyle:0
FileLength:15644
FileModTime:1384290304
%EndFont

